<?xml version="1.0" encoding="utf-8"?><testsuites><testsuite name="pytest" errors="0" failures="0" skipped="0" tests="0" time="0.007" timestamp="2023-08-29T21:02:40.690209" hostname="gal-HP" /></testsuites>